exports[`App renders correctly 1`] = `
<div
  className="app">
  <Unknown />
  <EndpointEntry
    changeEndpoint={[Function]} />
  <Unknown />
</div>
`;
